[latent_stats] CUDA extension loaded.
[context] mid_reservoir extension loaded.
n_gpus: 1
Loading stores from outputs/...
[top_coactivation] artifact stores top-128 per latent, config expects top-64 — adopting the artifact's 128 (values are baked at build time)
Loaded 16380 candidates from outputs/candidates.pt
Initializing model and SAE bank...
[fused_linear_relu] cublasLt RELU_BIAS epilogue compiled and ready.
--- Standalone Discovery Window ---
[DiscoveryWindow] Active methods: ['AblationGradientDiscovery']
[DiscoveryWindow] Post-circuit analyses: ['CoactivationOverlapAnalysis', 'LayerDistributionAnalysis', 'EdgeWeightGiniAnalysis', 'NodeActivityAnalysis', 'NodeRarityAnalysis', 'TopTokenConsistencyAnalysis', 'InternodeCoactDensityAnalysis']
--- seed_shard 0/8192: 2 candidates this shard ---
--- Starting Discovery Window: 2 candidates × 1 method(s) ---
Discovering Circuits:   0%|          | 0/2 [00:00<?, ?it/s]Discovering Circuits:  50%|█████     | 1/2 [00:07<00:07,  7.92s/it]  [CFaithfulness] Seed L6 attn idx 39403 | 237 activators, 0 inhibitors
      [CF-Capture] Layer 6 attn | Seed 39403 | Active in 14/1024
      [CF-Capture] Mean at probe pos: 0.0000
      [CF-Capture] Layer 6 attn | Seed 39403 | Active in 0/4096
      [CF-Capture] Mean at probe pos: 0.0000
  [CFaithfulness] a_posctx: 0.5273 | a_baseline: 0.0000 | a_intervened_neg: 0.0000 | a_intervened_pos: 0.0000 | denom: 0.5273 | anchor_mode: legacy
  [CFaithfulness] cf=0.0000  sup=1.0000
Discovering Circuits:  50%|█████     | 1/2 [02:59<00:07,  7.92s/it, found=1]Discovering Circuits: 100%|██████████| 2/2 [02:59<00:00, 103.99s/it, found=1]Discovering Circuits: 100%|██████████| 2/2 [02:59<00:00, 89.58s/it, found=1] 
Discovery Window complete. Found 1 faithful circuits.
Total Forward Passes: 1214
Total Forward Time: 20.78 s
Average Forward Duration: 17.1 ms

                              Discovered Circuits                               
╭───────────────────┬──────┬───────┬──────┬───────┬──────┬──────┬───────┬──────╮
│ Method            │ Com… │ Late… │ Nod… │ Edges │ Fai… │ Suff │ Compl │ Misc │
├───────────────────┼──────┼───────┼──────┼───────┼──────┼──────┼───────┼──────┤
│ ablation_gradient │   18 │ 39403 │  238 │   237 │  nan │  nan │   nan │ CF   │
│                   │      │       │      │       │      │      │       │ Fai… │
│                   │      │       │      │       │      │      │       │ 0.0… │
│                   │      │       │      │       │      │      │       │ CF   │
│                   │      │       │      │       │      │      │       │ Sup: │
│                   │      │       │      │       │      │      │       │ 1.0… │
│                   │      │       │      │       │      │      │       │ Coa… │
│                   │      │       │      │       │      │      │       │ Coa… │
│                   │      │       │      │       │      │      │       │ Coa… │
│                   │      │       │      │       │      │      │       │ L̄=1… │
│                   │      │       │      │       │      │      │       │ Lσ=… │
│                   │      │       │      │       │      │      │       │ Gin… │
│                   │      │       │      │       │      │      │       │ Act… │
│                   │      │       │      │       │      │      │       │ Rar… │
│                   │      │       │      │       │      │      │       │ Tok… │
│                   │      │       │      │       │      │      │       │ Coa… │
╰───────────────────┴──────┴───────┴──────┴───────┴──────┴──────┴───────┴──────╯
                           Eval & Post-Analysis Stats                           
╭──────────────┬───┬────────┬────────┬───────┬────────┬───────┬────────┬───────╮
│ Metric       │ N │   Mean │    Std │   Min │    p25 │ Medi… │    p75 │   Max │
├──────────────┼───┼────────┼────────┼───────┼────────┼───────┼────────┼───────┤
│ e.cf_faith   │ 1 │ 0.0000 │ 0.0000 │ 0.00… │ 0.0000 │ 0.00… │ 0.0000 │ 0.00… │
│ e.cf_sup     │ 1 │ 1.0000 │ 0.0000 │ 1.00… │ 1.0000 │ 1.00… │ 1.0000 │ 1.00… │
│ pa.coact_pct │ 1 │   10.9 │    0.0 │  10.9 │   10.9 │  10.9 │   10.9 │  10.9 │
│ pa.coact_act │ 1 │   11.0 │    0.0 │  11.0 │   11.0 │  11.0 │   11.0 │  11.0 │
│ pa.coact_inh │ 1 │ 0.0000 │ 0.0000 │ 0.00… │ 0.0000 │ 0.00… │ 0.0000 │ 0.00… │
│ pa.l_mean    │ 1 │ 1.5210 │ 0.0000 │ 1.52… │ 1.5210 │ 1.52… │ 1.5210 │ 1.52… │
│ pa.gini      │ 1 │ 0.0559 │ 0.0000 │ 0.05… │ 0.0559 │ 0.05… │ 0.0559 │ 0.05… │
│ pa.act_mean  │ 1 │ 35480… │    0.0 │ 3548… │ 35480… │ 3548… │ 35480… │ 3548… │
│ pa.rare_pct  │ 1 │    0.0 │    0.0 │   0.0 │    0.0 │   0.0 │    0.0 │   0.0 │
│ pa.tok_cons  │ 1 │   11.1 │    0.0 │  11.1 │   11.1 │  11.1 │   11.1 │  11.1 │
│ pa.coact_den │ 1 │ 1.0600 │ 0.0000 │ 1.06… │ 1.0600 │ 1.06… │ 1.0600 │ 1.06… │
╰──────────────┴───┴────────┴────────┴───────┴────────┴───────┴────────┴───────╯
                              Seed Criteria Scores                              
╭──────────────────────┬───┬──────┬──────┬───────┬──────┬───────┬──────┬───────╮
│ Metric               │ N │ Mean │  Std │   Min │  p25 │ Medi… │  p75 │   Max │
├──────────────────────┼───┼──────┼──────┼───────┼──────┼───────┼──────┼───────┤
│ sc.stratified_random │ 1 │ 1.0… │ 0.0… │ 1.00… │ 1.0… │ 1.00… │ 1.0… │ 1.00… │
╰──────────────────────┴───┴──────┴──────┴───────┴──────┴───────┴──────┴───────╯
Discovery complete!
