\BOOKMARK [1][-]{section.1}{\376\377\000I\000n\000t\000r\000o\000d\000u\000c\000t\000i\000o\000n}{}% 1
\BOOKMARK [1][-]{section.2}{\376\377\000R\000e\000l\000a\000t\000e\000d\000\040\000W\000o\000r\000k}{}% 2
\BOOKMARK [1][-]{section.3}{\376\377\000S\000e\000t\000t\000i\000n\000g}{}% 3
\BOOKMARK [1][-]{section.4}{\376\377\000M\000e\000t\000h\000o\000d}{}% 4
\BOOKMARK [2][-]{subsection.4.1}{\376\377\000F\000o\000r\000m\000u\000l\000a\000t\000i\000o\000n\000\040\000a\000n\000d\000\040\000P\000r\000o\000b\000l\000e\000m\000\040\000S\000t\000a\000t\000e\000m\000e\000n\000t}{section.4}% 5
\BOOKMARK [2][-]{subsection.4.2}{\376\377\000E\000v\000i\000d\000e\000n\000c\000e\000\040\000B\000a\000s\000e}{section.4}% 6
\BOOKMARK [2][-]{subsection.4.3}{\376\377\000A\000t\000t\000r\000i\000b\000u\000t\000i\000o\000n\000\040\000O\000b\000j\000e\000c\000t\000i\000v\000e\000s}{section.4}% 7
\BOOKMARK [2][-]{subsection.4.4}{\376\377\000A\000t\000t\000r\000i\000b\000u\000t\000i\000o\000n\000\040\000M\000o\000d\000e\000s}{section.4}% 8
\BOOKMARK [2][-]{subsection.4.5}{\376\377\000M\000e\000m\000b\000e\000r\000s\000h\000i\000p\000\040\000S\000e\000t\000s\000\040\000a\000n\000d\000\040\000P\000o\000s\000i\000t\000i\000o\000n\000-\000A\000w\000a\000r\000e\000\040\000D\000i\000s\000c\000o\000v\000e\000r\000y}{section.4}% 9
\BOOKMARK [2][-]{subsection.4.6}{\376\377\000L\000e\000a\000r\000n\000e\000d\000-\000M\000a\000s\000k\000\040\000D\000i\000s\000c\000o\000v\000e\000r\000y}{section.4}% 10
\BOOKMARK [2][-]{subsection.4.7}{\376\377\000E\000v\000a\000l\000u\000a\000t\000i\000o\000n}{section.4}% 11
\BOOKMARK [1][-]{section.5}{\376\377\000E\000x\000p\000e\000r\000i\000m\000e\000n\000t\000s\000\040\000a\000n\000d\000\040\000R\000e\000s\000u\000l\000t\000s}{}% 12
\BOOKMARK [2][-]{subsection.5.1}{\376\377\000C\000o\000n\000t\000r\000o\000l\000\040\000v\000e\000r\000s\000u\000s\000\040\000F\000a\000i\000t\000h\000f\000u\000l\000n\000e\000s\000s}{section.5}% 13
\BOOKMARK [2][-]{subsection.5.2}{\376\377\000W\000e\000i\000g\000h\000t\000e\000d\000\040\000C\000i\000r\000c\000u\000i\000t\000s\000:\000\040\000A\000m\000p\000l\000i\000t\000u\000d\000e\000s\000\040\000I\000n\000d\000e\000x\000\040\000t\000h\000e\000\040\000F\000a\000i\000t\000h\000f\000u\000l\000n\000e\000s\000s\000\040\000C\000o\000s\000t}{section.5}% 14
\BOOKMARK [2][-]{subsection.5.3}{\376\377\000M\000e\000t\000h\000o\000d\000\040\000C\000o\000m\000p\000a\000r\000i\000s\000o\000n\000\040\000a\000t\000\040\000M\000a\000t\000c\000h\000e\000d\000\040\000S\000i\000z\000e}{section.5}% 15
\BOOKMARK [2][-]{subsection.5.4}{\376\377\000M\000e\000t\000h\000o\000d\000\040\000a\000n\000d\000\040\000N\000e\000g\000a\000t\000i\000v\000e\000\040\000M\000o\000d\000e}{section.5}% 16
\BOOKMARK [2][-]{subsection.5.5}{\376\377\000M\000e\000m\000b\000e\000r\000s\000h\000i\000p\000\040\000I\000s\000\040\000U\000n\000d\000e\000r\000d\000e\000t\000e\000r\000m\000i\000n\000e\000d\000;\000\040\000F\000u\000n\000c\000t\000i\000o\000n\000\040\000I\000s\000\040\000N\000o\000t}{section.5}% 17
\BOOKMARK [2][-]{subsection.5.6}{\376\377\000T\000h\000e\000\040\000B\000e\000h\000a\000v\000i\000o\000u\000r\000-\000E\000n\000d\000p\000o\000i\000n\000t\000\040\000B\000o\000u\000n\000d\000a\000r\000y}{section.5}% 18
\BOOKMARK [2][-]{subsection.5.7}{\376\377\000D\000e\000p\000e\000n\000d\000e\000n\000c\000i\000e\000s\000\040\000A\000r\000e\000\040\000N\000o\000t\000\040\000R\000e\000c\000o\000v\000e\000r\000a\000b\000l\000e\000\040\000f\000r\000o\000m\000\040\000C\000o\000-\000a\000c\000t\000i\000v\000a\000t\000i\000o\000n}{section.5}% 19
\BOOKMARK [1][-]{section.6}{\376\377\000D\000i\000s\000c\000u\000s\000s\000i\000o\000n}{}% 20
\BOOKMARK [1][-]{section.7}{\376\377\000L\000i\000m\000i\000t\000a\000t\000i\000o\000n\000s}{}% 21
\BOOKMARK [1][-]{section.8}{\376\377\000C\000o\000n\000c\000l\000u\000s\000i\000o\000n}{}% 22
\BOOKMARK [1][-]{appendix.A}{\376\377\000C\000o\000r\000p\000u\000s\000\040\000a\000n\000d\000\040\000M\000o\000d\000e\000l\000\040\000D\000e\000t\000a\000i\000l\000s}{}% 23
\BOOKMARK [2][-]{subsection.A.1}{\376\377\000A\000\040\000C\000o\000r\000p\000u\000s\000\040\000B\000u\000i\000l\000t\000\040\000b\000y\000\040\000D\000e\000s\000i\000g\000n}{appendix.A}% 24
\BOOKMARK [2][-]{subsection.A.2}{\376\377\000A\000r\000c\000h\000i\000t\000e\000c\000t\000u\000r\000e\000\040\000a\000n\000d\000\040\000T\000r\000a\000i\000n\000i\000n\000g}{appendix.A}% 25
\BOOKMARK [2][-]{subsection.A.3}{\376\377\000F\000i\000t\000n\000e\000s\000s\000\040\000f\000o\000r\000\040\000I\000n\000t\000e\000r\000p\000r\000e\000t\000a\000b\000i\000l\000i\000t\000y}{appendix.A}% 26
\BOOKMARK [2][-]{subsection.A.4}{\376\377\000S\000p\000a\000r\000s\000e\000\040\000A\000u\000t\000o\000e\000n\000c\000o\000d\000e\000r\000\040\000Q\000u\000a\000l\000i\000t\000y}{appendix.A}% 27
\BOOKMARK [1][-]{appendix.B}{\376\377\000I\000n\000f\000r\000a\000s\000t\000r\000u\000c\000t\000u\000r\000e\000\040\000a\000n\000d\000\040\000S\000y\000s\000t\000e\000m\000\040\000D\000e\000s\000i\000g\000n}{}% 28
\BOOKMARK [2][-]{subsection.B.1}{\376\377\000A\000\040\000M\000o\000d\000e\000l\000\040\000B\000u\000i\000l\000t\000\040\000f\000o\000r\000\040\000I\000n\000t\000e\000r\000v\000e\000n\000t\000i\000o\000n}{appendix.B}% 29
\BOOKMARK [2][-]{subsection.B.2}{\376\377\000P\000i\000p\000e\000l\000i\000n\000e\000\040\000a\000n\000d\000\040\000S\000t\000o\000r\000e\000s}{appendix.B}% 30
\BOOKMARK [2][-]{subsection.B.3}{\376\377\000I\000n\000s\000t\000r\000u\000m\000e\000n\000t\000a\000t\000i\000o\000n\000\040\000a\000n\000d\000\040\000P\000a\000t\000c\000h\000i\000n\000g}{appendix.B}% 31
\BOOKMARK [2][-]{subsection.B.4}{\376\377\000N\000a\000t\000i\000v\000e\000\040\000K\000e\000r\000n\000e\000l\000s}{appendix.B}% 32
\BOOKMARK [1][-]{appendix.C}{\376\377\000P\000s\000e\000u\000d\000o\000c\000o\000d\000e\000\040\000f\000o\000r\000\040\000t\000h\000e\000\040\000G\000r\000a\000d\000i\000e\000n\000t\000\040\000M\000e\000t\000h\000o\000d\000s}{}% 33
\BOOKMARK [1][-]{appendix.D}{\376\377\000A\000d\000d\000i\000t\000i\000o\000n\000a\000l\000\040\000D\000i\000s\000c\000o\000v\000e\000r\000y\000\040\000M\000e\000t\000h\000o\000d\000s}{}% 34
\BOOKMARK [1][-]{appendix.E}{\376\377\000C\000o\000n\000t\000e\000x\000t\000\040\000S\000t\000o\000r\000e\000s\000,\000\040\000S\000e\000l\000e\000c\000t\000i\000o\000n\000\040\000C\000r\000i\000t\000e\000r\000i\000a\000,\000\040\000a\000n\000d\000\040\000O\000u\000t\000p\000u\000t\000-\000L\000e\000v\000e\000l\000\040\000M\000e\000t\000r\000i\000c\000s}{}% 35
\BOOKMARK [2][-]{subsection.E.1}{\376\377\000C\000o\000n\000t\000e\000x\000t\000\040\000S\000t\000o\000r\000e\000\040\000F\000o\000r\000m\000a\000l\000i\000s\000m}{appendix.E}% 36
\BOOKMARK [2][-]{subsection.E.2}{\376\377\000C\000a\000n\000d\000i\000d\000a\000t\000e\000\040\000S\000e\000l\000e\000c\000t\000i\000o\000n\000\040\000C\000r\000i\000t\000e\000r\000i\000a}{appendix.E}% 37
\BOOKMARK [2][-]{subsection.E.3}{\376\377\000O\000u\000t\000p\000u\000t\000-\000L\000e\000v\000e\000l\000\040\000E\000v\000a\000l\000u\000a\000t\000i\000o\000n\000\040\000M\000e\000t\000r\000i\000c\000s}{appendix.E}% 38
\BOOKMARK [1][-]{appendix.F}{\376\377\000E\000v\000a\000l\000u\000a\000t\000i\000o\000n\000\040\000P\000r\000o\000t\000o\000c\000o\000l\000\040\000S\000t\000u\000d\000i\000e\000s}{}% 39
\BOOKMARK [2][-]{subsection.F.1}{\376\377\000W\000h\000y\000\040\000P\000o\000s\000i\000t\000i\000o\000n\000\040\000A\000g\000g\000r\000e\000g\000a\000t\000i\000o\000n\000\040\000F\000a\000i\000l\000s\000:\000\040\000U\000n\000i\000o\000n\000\040\000C\000o\000v\000e\000r\000a\000g\000e}{appendix.F}% 40
\BOOKMARK [2][-]{subsection.F.2}{\376\377\000O\000n\000-\000M\000a\000n\000i\000f\000o\000l\000d\000\040\000M\000e\000a\000n\000\040\000A\000b\000l\000a\000t\000i\000o\000n}{appendix.F}% 41
\BOOKMARK [2][-]{subsection.F.3}{\376\377\000F\000l\000o\000o\000r\000\040\000S\000o\000u\000r\000c\000e\000s}{appendix.F}% 42
\BOOKMARK [1][-]{appendix.G}{\376\377\000A\000t\000t\000r\000i\000b\000u\000t\000i\000o\000n\000-\000M\000o\000d\000e\000,\000\040\000P\000r\000u\000n\000i\000n\000g\000,\000\040\000a\000n\000d\000\040\000R\000o\000l\000e\000\040\000S\000t\000u\000d\000i\000e\000s}{}% 43
\BOOKMARK [2][-]{subsection.G.1}{\376\377\000M\000o\000d\000e\000\040\000C\000o\000m\000p\000a\000r\000i\000s\000o\000n\000\040\000a\000t\000\040\000S\000c\000a\000l\000e}{appendix.G}% 44
\BOOKMARK [2][-]{subsection.G.2}{\376\377\000B\000u\000d\000g\000e\000t\000\040\000P\000a\000r\000i\000t\000y\000\040\000\050\000N\000e\000g\000a\000t\000i\000v\000e\000\040\000R\000e\000s\000u\000l\000t\000\051}{appendix.G}% 45
\BOOKMARK [2][-]{subsection.G.3}{\376\377\000C\000o\000n\000s\000i\000s\000t\000e\000n\000t\000\040\000R\000e\000-\000S\000c\000o\000r\000i\000n\000g}{appendix.G}% 46
\BOOKMARK [2][-]{subsection.G.4}{\376\377\000S\000i\000g\000n\000e\000d\000\040\000R\000o\000l\000e\000s\000\040\000A\000r\000e\000\040\000M\000e\000t\000r\000i\000c\000-\000R\000e\000l\000a\000t\000i\000v\000e}{appendix.G}% 47
\BOOKMARK [2][-]{subsection.G.5}{\376\377\000R\000e\000c\000u\000r\000r\000e\000n\000c\000e\000\040\000P\000r\000u\000n\000i\000n\000g}{appendix.G}% 48
\BOOKMARK [2][-]{subsection.G.6}{\376\377\000E\000f\000f\000e\000c\000t\000\040\000T\000h\000r\000e\000s\000h\000o\000l\000d\000s\000\040\000C\000a\000n\000n\000o\000t\000\040\000R\000e\000p\000l\000a\000c\000e\000\040\000V\000a\000l\000i\000d\000a\000t\000e\000d\000\040\000S\000t\000o\000p\000p\000i\000n\000g}{appendix.G}% 49
\BOOKMARK [2][-]{subsection.G.7}{\376\377\000D\000i\000r\000e\000c\000t\000-\000E\000f\000f\000e\000c\000t\000\040\000E\000d\000g\000e\000s}{appendix.G}% 50
\BOOKMARK [2][-]{subsection.G.8}{\376\377\000E\000r\000r\000o\000r\000\040\000N\000o\000d\000e\000s\000\040\000a\000t\000\040\000t\000h\000e\000\040\000L\000a\000t\000e\000n\000t\000\040\000E\000n\000d\000p\000o\000i\000n\000t}{appendix.G}% 51
\BOOKMARK [1][-]{appendix.H}{\376\377\000M\000e\000m\000b\000e\000r\000s\000h\000i\000p\000-\000S\000e\000t\000\040\000a\000n\000d\000\040\000L\000e\000a\000r\000n\000e\000d\000-\000M\000a\000s\000k\000\040\000S\000t\000u\000d\000i\000e\000s}{}% 52
\BOOKMARK [2][-]{subsection.H.1}{\376\377\000T\000h\000e\000\040\000N\000o\000n\000-\000O\000r\000a\000c\000l\000e\000\040\000G\000a\000t\000e}{appendix.H}% 53
\BOOKMARK [2][-]{subsection.H.2}{\376\377\000S\000e\000l\000e\000c\000t\000i\000o\000n\000\040\000R\000u\000l\000e\000s\000\040\000a\000n\000d\000\040\000t\000h\000e\000\040\000P\000r\000u\000n\000i\000n\000g\000\040\000F\000r\000o\000n\000t\000i\000e\000r}{appendix.H}% 54
\BOOKMARK [2][-]{subsection.H.3}{\376\377\000L\000e\000a\000r\000n\000e\000d\000-\000M\000a\000s\000k\000\040\000D\000e\000s\000i\000g\000n\000\040\000A\000b\000l\000a\000t\000i\000o\000n\000s\000\040\000\050\000N\000e\000g\000a\000t\000i\000v\000e\000\040\000R\000e\000s\000u\000l\000t\000s\000\051}{appendix.H}% 55
\BOOKMARK [2][-]{subsection.H.4}{\376\377\000B\000i\000n\000a\000r\000i\000s\000a\000t\000i\000o\000n\000\040\000S\000w\000e\000e\000p}{appendix.H}% 56
\BOOKMARK [1][-]{appendix.I}{\376\377\000A\000d\000d\000i\000t\000i\000o\000n\000a\000l\000\040\000R\000e\000s\000u\000l\000t\000s}{}% 57
\BOOKMARK [2][-]{subsection.I.1}{\376\377\000M\000e\000t\000r\000i\000c\000\040\000D\000i\000s\000t\000r\000i\000b\000u\000t\000i\000o\000n\000s\000\040\000A\000c\000r\000o\000s\000s\000\040\000M\000e\000t\000h\000o\000d\000s}{appendix.I}% 58
\BOOKMARK [2][-]{subsection.I.2}{\376\377\000F\000a\000i\000t\000h\000f\000u\000l\000n\000e\000s\000s\000\040\000b\000y\000\040\000C\000i\000r\000c\000u\000i\000t\000\040\000S\000i\000z\000e\000\040\000\050\000v\0001\000\040\000g\000r\000i\000d\000\051}{appendix.I}% 59
